        Warn --no-sign flag detected: Signing will be skipped.
        Info Looking up installed tauri packages to check mismatched versions...
     Running beforeBuildCommand `pnpm -C web build`

> opentake-web@1.0.0 build /Users/lvbaiqing/TRUE 开发/PRIMARY-CN/OpenTake-full-convergence/web
> tsc -b && vite build

vite v8.1.3 building client environment for production...
[2Ktransforming...✓ 1674 modules transformed.
rendering chunks...
computing gzip size...
dist/index.html                    0.39 kB │ gzip:   0.26 kB
dist/assets/index-CcZgQROn.css     4.63 kB │ gzip:   1.78 kB
dist/assets/dist-js-DWk47Ou-.js    1.24 kB │ gzip:   0.48 kB
dist/assets/event-CvdZu7sT.js      1.34 kB │ gzip:   0.63 kB
dist/assets/dpi-CCQwpMP-.js        2.06 kB │ gzip:   0.48 kB
dist/assets/window-B7ZI9vi8.js    11.16 kB │ gzip:   2.81 kB
dist/assets/index-DPTHUHsn.js    549.75 kB │ gzip: 155.04 kB

[33m[INEFFECTIVE_DYNAMIC_IMPORT] [0msrc/lib/api.ts is dynamically imported by src/store/recentStore.ts but also statically imported by src/App.tsx, src/components/agent/AgentPanel.tsx, src/components/media/CaptionsTab.tsx, src/components/media/MediaPanel.tsx, src/components/media/MediaSearch.tsx, ..., dynamic import will not move module into another chunk.

[plugin builtin:vite-reporter]
(!) Some chunks are larger than 500 kB after minification. Consider:
- Using dynamic import() to code-split the application
- Use build.rolldownOptions.output.codeSplitting to improve chunking: https://rolldown.rs/reference/OutputOptions.codeSplitting
- Adjust chunk size limit for this warning via build.chunkSizeWarningLimit.
[33m[INEFFECTIVE_DYNAMIC_IMPORT] [0mnode_modules/.pnpm/@tauri-apps+api@2.11.1/node_modules/@tauri-apps/api/core.js is dynamically imported by src/lib/api.ts, src/lib/haptic.ts, src/lib/libraryApi.ts, src/store/recentStore.ts but also statically imported by node_modules/.pnpm/@tauri-apps+api@2.11.1/node_modules/@tauri-apps/api/dpi.js, node_modules/.pnpm/@tauri-apps+api@2.11.1/node_modules/@tauri-apps/api/event.js, node_modules/.pnpm/@tauri-apps+api@2.11.1/node_modules/@tauri-apps/api/image.js, node_modules/.pnpm/@tauri-apps+api@2.11.1/node_modules/@tauri-apps/api/window.js, node_modules/.pnpm/@tauri-apps+plugin-dialog@2.7.1/node_modules/@tauri-apps/plugin-dialog/dist-js/index.js, ..., dynamic import will not move module into another chunk.

✓ built in 3.16s
   Compiling proc-macro2 v1.0.106
   Compiling unicode-ident v1.0.24
   Compiling quote v1.0.45
   Compiling libc v0.2.186
   Compiling serde_core v1.0.228
   Compiling cfg-if v1.0.4
   Compiling find-msvc-tools v0.1.9
   Compiling shlex v2.0.1
   Compiling memchr v2.8.2
   Compiling zmij v1.0.21
   Compiling fastrand v2.4.1
   Compiling version_check v0.9.5
   Compiling cc v1.2.65
   Compiling bitflags v2.13.0
   Compiling icu_normalizer_data v2.2.0
   Compiling icu_properties_data v2.2.0
   Compiling serde v1.0.228
   Compiling itoa v1.0.18
   Compiling siphasher v1.0.3
   Compiling thiserror v2.0.18
   Compiling autocfg v1.5.1
   Compiling phf_shared v0.13.1
   Compiling strsim v0.11.1
   Compiling ident_case v1.0.1
   Compiling glob v0.3.3
   Compiling phf_generator v0.13.1
   Compiling stable_deref_trait v1.2.1
   Compiling log v0.4.33
   Compiling syn v2.0.118
   Compiling aho-corasick v1.1.4
   Compiling regex-syntax v0.8.11
   Compiling rustc-hash v2.1.2
   Compiling smallvec v1.15.2
   Compiling parking_lot_core v0.9.12
   Compiling getrandom v0.4.3
   Compiling thiserror v1.0.69
   Compiling once_cell v1.21.4
   Compiling bytes v1.12.0
   Compiling serde_json v1.0.150
   Compiling generic-array v0.14.7
   Compiling typeid v1.0.3
   Compiling fnv v1.0.7
   Compiling anyhow v1.0.102
   Compiling byteorder v1.5.0
   Compiling percent-encoding v2.3.2
   Compiling time-core v0.1.9
   Compiling num-conv v0.2.2
   Compiling pin-project-lite v0.2.17
   Compiling phf_codegen v0.13.1
   Compiling writeable v0.6.3
   Compiling litemap v0.8.2
   Compiling base64 v0.22.1
   Compiling crc32fast v1.5.0
   Compiling erased-serde v0.4.10
   Compiling utf8_iter v1.0.4
   Compiling http v1.4.2
   Compiling scopeguard v1.2.0
   Compiling new_debug_unreachable v1.0.6
   Compiling lock_api v0.4.14
   Compiling string_cache_codegen v0.6.1
   Compiling futures-core v0.3.32
   Compiling precomputed-hash v0.1.1
   Compiling winnow v1.0.3
   Compiling core-foundation-sys v0.8.7
   Compiling parking_lot v0.12.5
   Compiling web_atoms v0.2.5
   Compiling ctor-proc-macro v0.0.7
   Compiling toml_parser v1.1.2+spec-1.1.0
   Compiling serde_spanned v1.1.1
   Compiling regex-automata v0.4.14
   Compiling toml_writer v1.1.1+spec-1.1.0
   Compiling string_cache v0.9.0
   Compiling semver v1.0.28
   Compiling objc2-exception-helper v0.1.1
   Compiling dtoa v1.0.11
   Compiling utf-8 v0.7.6
   Compiling dtoa-short v0.3.5
   Compiling tendril v0.5.0
   Compiling uuid v1.23.3
   Compiling toml_datetime v1.1.1+spec-1.1.0
   Compiling selectors v0.36.1
   Compiling form_urlencoded v1.2.2
   Compiling mio v1.2.1
   Compiling socket2 v0.6.4
   Compiling indexmap v1.9.3
   Compiling alloc-no-stdlib v2.0.4
   Compiling camino v1.2.3
   Compiling crossbeam-utils v0.8.21
   Compiling unic-common v0.9.0
   Compiling unic-char-range v0.9.0
   Compiling unic-ucd-version v0.9.0
   Compiling unic-char-property v0.9.0
   Compiling alloc-stdlib v0.2.4
   Compiling toml v1.1.2+spec-1.1.0
   Compiling clang-sys v1.8.1
   Compiling servo_arc v0.4.3
   Compiling futures-sink v0.3.32
   Compiling hashbrown v0.12.3
   Compiling powerfmt v0.2.0
   Compiling objc2 v0.6.4
   Compiling bit-vec v0.8.0
   Compiling schemars v0.8.22
   Compiling deranged v0.5.8
   Compiling equivalent v1.0.2
   Compiling hashbrown v0.17.1
   Compiling bit-set v0.8.0
   Compiling synstructure v0.13.2
   Compiling darling_core v0.23.0
   Compiling regex v1.12.4
   Compiling serde_derive_internals v0.29.1
   Compiling indexmap v2.14.0
   Compiling brotli-decompressor v5.0.3
   Compiling unic-ucd-ident v0.9.0
   Compiling time v0.3.49
   Compiling cfb v0.7.3
   Compiling quick-xml v0.41.0
   Compiling objc2-encode v4.1.0
   Compiling dunce v1.0.5
   Compiling base64 v0.21.7
   Compiling foldhash v0.2.0
   Compiling dyn-clone v1.0.20
   Compiling same-file v1.0.6
   Compiling infer v0.19.0
   Compiling walkdir v2.5.0
   Compiling brotli v8.0.4
   Compiling serde-untagged v0.1.9
   Compiling futures-channel v0.3.32
   Compiling serde_derive v1.0.228
   Compiling zerofrom-derive v0.1.7
   Compiling yoke-derive v0.8.2
   Compiling zerovec-derive v0.11.3
   Compiling displaydoc v0.2.6
   Compiling thiserror-impl v2.0.18
   Compiling thiserror-impl v1.0.69
   Compiling phf_macros v0.13.1
   Compiling darling_macro v0.23.0
   Compiling zerofrom v0.1.8
   Compiling derive_more-impl v2.1.1
   Compiling yoke v0.8.3
   Compiling darling v0.23.0
   Compiling serde_with_macros v3.21.0
   Compiling zerovec v0.11.6
   Compiling zerotrie v0.2.4
   Compiling phf v0.13.1
   Compiling tokio-macros v2.7.0
   Compiling cssparser-macros v0.6.1
   Compiling derive_more v2.1.1
   Compiling tinystr v0.8.3
   Compiling potential_utf v0.1.5
   Compiling cssparser v0.36.0
   Compiling icu_collections v2.2.0
   Compiling icu_locale_core v2.2.0
   Compiling schemars_derive v0.8.22
   Compiling tokio v1.52.3
   Compiling markup5ever v0.38.0
   Compiling serde_with v3.21.0
   Compiling html5ever v0.38.0
   Compiling ctor v0.8.0
   Compiling typenum v1.20.1
   Compiling rand_core v0.10.1
   Compiling icu_provider v2.2.0
   Compiling icu_properties v2.2.0
   Compiling icu_normalizer v2.2.0
   Compiling swift-rs v1.0.7
   Compiling cargo-platform v0.1.9
   Compiling jsonptr v0.6.3
   Compiling cargo_metadata v0.19.2
   Compiling json-patch v3.0.1
   Compiling dom_query v0.27.0
   Compiling plist v1.10.0
   Compiling minimal-lexical v0.2.1
   Compiling idna_adapter v1.2.2
   Compiling idna v1.1.0
   Compiling simd-adler32 v0.3.9
   Compiling nom v7.1.3
   Compiling url v2.5.8
   Compiling futures-macro v0.3.32
   Compiling urlpattern v0.3.0
   Compiling libloading v0.8.9
   Compiling adler2 v2.0.1
   Compiling futures-io v0.3.32
   Compiling getrandom v0.3.4
   Compiling futures-task v0.3.32
   Compiling slab v0.4.12
   Compiling zerocopy v0.8.52
   Compiling either v1.16.0
   Compiling futures-util v0.3.32
   Compiling itertools v0.13.0
   Compiling miniz_oxide v0.8.9
   Compiling cexpr v0.6.0
   Compiling zerocopy-derive v0.8.52
   Compiling tauri-utils v2.9.3
   Compiling shlex v1.3.0
   Compiling flate2 v1.1.9
   Compiling crypto-common v0.1.7
   Compiling block-buffer v0.10.4
   Compiling objc2-core-foundation v0.3.2
   Compiling block2 v0.6.2
   Compiling http-body v1.0.1
   Compiling num-traits v0.2.19
   Compiling cfg_aliases v0.1.1
   Compiling rustix v1.1.4
   Compiling raw-window-handle v0.6.2
   Compiling digest v0.10.7
   Compiling tracing-attributes v0.1.31
   Compiling foreign-types-macros v0.2.3
   Compiling rustc_version v0.4.1
   Compiling toml_datetime v0.7.5+spec-1.1.0
   Compiling tracing-core v0.1.36
   Compiling cpufeatures v0.2.17
   Compiling errno v0.3.14
   Compiling objc2-foundation v0.3.2
   Compiling winnow v0.7.15
   Compiling httparse v1.10.1
   Compiling ipnet v2.12.0
   Compiling foreign-types-shared v0.3.1
   Compiling option-ext v0.2.0
   Compiling toml v0.9.12+spec-1.1.0
   Compiling dirs-sys v0.5.0
   Compiling foreign-types v0.5.0
   Compiling tracing v0.1.44
   Compiling sha2 v0.10.9
   Compiling embed-resource v3.0.9
   Compiling bytemuck_derive v1.10.2
   Compiling core-foundation v0.10.1
   Compiling ring v0.17.14
   Compiling pkg-config v0.3.33
   Compiling paste v1.0.15
   Compiling unicode-segmentation v1.13.3
   Compiling prettyplease v0.2.37
   Compiling crossbeam-epoch v0.9.20
   Compiling heck v0.5.0
   Compiling zlib-rs v0.6.3
   Compiling tower-service v0.3.3
   Compiling bytemuck v1.25.0
   Compiling tauri-winres v0.3.6
   Compiling cargo_toml v0.22.3
   Compiling objc2-app-kit v0.3.2
   Compiling dirs v6.0.0
   Compiling time-macros v0.2.29
   Compiling io-lifetimes v2.0.4
   Compiling zeroize v1.9.0
   Compiling mime v0.3.17
   Compiling io-lifetimes v3.0.1
   Compiling rustls-pki-types v1.14.1
   Compiling tauri-build v2.6.3
   Compiling security-framework-sys v2.17.0
   Compiling http-body-util v0.1.3
   Compiling getrandom v0.2.17
   Compiling rayon-core v1.13.0
   Compiling io-extras v0.19.0
   Compiling native-tls v0.2.18
   Compiling untrusted v0.9.0
   Compiling try-lock v0.2.5
   Compiling base64ct v1.8.3
   Compiling bindgen v0.71.1
   Compiling tempfile v3.27.0
   Compiling want v0.3.1
   Compiling pem-rfc7468 v1.0.0
   Compiling security-framework v3.7.0
   Compiling crossbeam-deque v0.8.6
   Compiling ppv-lite86 v0.2.21
   Compiling rand_core v0.9.5
   Compiling fdeflate v0.3.7
   Compiling dpi v0.1.2
   Compiling darling_core v0.20.11
   Compiling sync_wrapper v1.0.2
   Compiling cookie v0.18.1
   Compiling ryu v1.0.23
   Compiling cap-primitives v4.0.2
   Compiling rustls v0.23.40
   Compiling tower-layer v0.3.3
   Compiling atomic-waker v1.1.2
   Compiling bitflags v1.3.2
   Compiling httpdate v1.0.3
   Compiling hyper v1.10.1
   Compiling rustls-webpki v0.103.13
   Compiling tauri v2.11.3
   Compiling darling_macro v0.20.11
   Compiling png v0.18.1
   Compiling rand_chacha v0.9.0
   Compiling fs-set-times v0.20.3
   Compiling webpki-root-certs v1.0.8
   Compiling ureq-proto v0.6.0
   Compiling der v0.8.0
   Compiling tauri-plugin v2.6.3
   Compiling xattr v1.6.1
   Compiling opentake-domain v1.0.0 (/Users/lvbaiqing/TRUE 开发/PRIMARY-CN/OpenTake-full-convergence/crates/opentake-domain)
   Compiling socks v0.3.4
   Compiling cmake v0.1.58
   Compiling filetime v0.2.29
   Compiling utf8-zero v0.8.1
   Compiling subtle v2.6.1
   Compiling unicase v2.9.0
   Compiling maybe-owned v0.3.4
   Compiling bindgen v0.72.1
   Compiling cap-std v4.0.2
   Compiling tinyvec_macros v0.1.1
   Compiling fs_extra v1.3.0
   Compiling rustversion v1.0.22
   Compiling ambient-authority v0.0.2
   Compiling png v0.17.16
   Compiling tinyvec v1.11.0
   Compiling mime_guess v2.0.5
   Compiling ureq v3.3.0
   Compiling tar v0.4.46
   Compiling whisper-rs-sys v0.13.1
   Compiling rayon v1.12.0
   Compiling rand v0.9.4
   Compiling darling v0.20.11
   Compiling hyper-util v0.1.20
   Compiling tower v0.5.3
   Compiling objc2-web-kit v0.3.2
   Compiling onig_sys v69.9.3
   Compiling core-graphics-types v0.2.0
   Compiling dispatch2 v0.3.1
   Compiling naga v23.1.0
   Compiling crossbeam-channel v0.5.15
   Compiling core-foundation v0.9.4
   Compiling malloc_buf v0.0.6
   Compiling matrixmultiply v0.3.10
   Compiling tauri-runtime v2.11.3
   Compiling wry v0.55.1
   Compiling rustc-hash v1.1.0
   Compiling termcolor v1.4.1
   Compiling cap-fs-ext v4.0.2
   Compiling unicode-width v0.1.14
   Compiling static_assertions v1.1.0
   Compiling codespan-reporting v0.11.1
   Compiling core-graphics-types v0.1.3
   Compiling objc v0.2.7
   Compiling tokio-rustls v0.26.4
   Compiling core-graphics v0.25.0
   Compiling derive_builder_core v0.20.2
   Compiling ort-sys v2.0.0-rc.10
   Compiling ico v0.5.0
   Compiling sha1 v0.10.6
   Compiling tauri-plugin-fs v2.5.1
   Compiling serde_urlencoded v0.7.1
   Compiling webpki-roots v1.0.8
   Compiling font-types v0.7.3
   Compiling wgpu-hal v23.0.1
   Compiling tokio-util v0.7.18
   Compiling slotmap v1.1.1
   Compiling ahash v0.8.12
   Compiling quick-error v2.0.1
   Compiling block v0.1.6
   Compiling tauri-runtime-wry v2.11.3
   Compiling weezl v0.1.12
   Compiling rawpointer v0.2.1
   Compiling hexf-parse v0.2.1
   Compiling unicode-xid v0.2.6
   Compiling arrayvec v0.7.7
   Compiling ref-cast v1.0.25
   Compiling zune-core v0.5.1
   Compiling esaxx-rs v0.1.10
   Compiling libm v0.2.16
   Compiling zune-jpeg v0.5.15
   Compiling read-fonts v0.22.7
   Compiling metal v0.29.0
   Compiling castaway v0.2.4
   Compiling hyper-rustls v0.27.9
   Compiling tauri-codegen v2.6.3
   Compiling derive_builder_macro v0.20.2
   Compiling tao v0.35.3
   Compiling tower-http v0.6.11
   Compiling coreaudio-sys v0.2.18
   Compiling itertools v0.14.0
   Compiling keyboard-types v0.7.0
   Compiling num-complex v0.4.6
   Compiling num-integer v0.1.46
   Compiling half v2.7.1
   Compiling wgpu-core v23.0.1
   Compiling ref-cast-impl v1.0.25
   Compiling monostate-impl v0.1.18
   Compiling serialize-to-javascript-impl v0.1.2
   Compiling wgpu-types v23.0.0
   Compiling fax v0.2.7
   Compiling pxfm v0.1.29
   Compiling byteorder-lite v0.1.0
   Compiling base64 v0.13.1
   Compiling profiling v1.0.18
   Compiling litrs v1.0.0
   Compiling bumpalo v3.20.3
   Compiling whisper-rs v0.14.4
   Compiling macro_rules_attribute-proc_macro v0.2.2
   Compiling color_quant v1.1.0
   Compiling data-encoding v2.11.0
   Compiling macro_rules_attribute v0.2.2
   Compiling gif v0.14.2
   Compiling tungstenite v0.29.0
   Compiling moxcms v0.8.1
   Compiling document-features v0.2.12
   Compiling zopfli v0.8.3
   Compiling spm_precompiled v0.1.4
   Compiling image-webp v0.2.4
   Compiling tiff v0.11.3
   Compiling serialize-to-javascript v0.1.2
   Compiling monostate v0.1.18
   Compiling skrifa v0.22.3
   Compiling ndarray v0.16.1
   Compiling rayon-cond v0.4.0
   Compiling muda v0.19.3
   Compiling reqwest v0.12.28
   Compiling tauri-macros v2.6.3
   Compiling onig v6.5.3
   Compiling derive_builder v0.20.2
   Compiling compact_str v0.9.1
   Compiling tauri-plugin-dialog v2.7.1
   Compiling window-vibrancy v0.6.0
   Compiling chrono v0.4.45
   Compiling futures-executor v0.3.32
   Compiling wgpu v23.0.1
   Compiling dary_heap v0.3.9
   Compiling chacha20 v0.10.1
   Compiling serde_repr v0.1.20
   Compiling async-trait v0.1.89
   Compiling schemars_derive v1.2.1
   Compiling serde_ignored v0.1.14
   Compiling unicode-normalization-alignments v0.1.12
   Compiling memmap2 v0.9.10
   Compiling rmcp v2.2.0
   Compiling unicode-ccc v0.2.0
   Compiling rfd v0.16.0
   Compiling zeno v0.2.3
   Compiling unicode-properties v0.1.4
   Compiling ttf-parser v0.21.1
   Compiling unicode-script v0.5.8
   Compiling http-range v0.1.5
   Compiling smallvec v2.0.0-alpha.10
   Compiling yazi v0.1.6
   Compiling unicode-bidi-mirroring v0.2.0
   Compiling ttf-parser v0.20.0
   Compiling unicode_categories v0.1.1
   Compiling embed_plist v1.2.2
   Compiling tokenizers v0.21.4
   Compiling rustybuzz v0.14.1
   Compiling fontdb v0.16.2
   Compiling swash v0.1.19
   Compiling ort v2.0.0-rc.10
   Compiling schemars v1.2.1
   Compiling opentake-project v1.0.0 (/Users/lvbaiqing/TRUE 开发/PRIMARY-CN/OpenTake-full-convergence/crates/opentake-project)
   Compiling rand v0.10.2
   Compiling futures v0.3.32
   Compiling keyring v3.6.3
   Compiling image v0.25.10
   Compiling zip v4.6.1
   Compiling tokio-tungstenite v0.29.0
   Compiling opentake-ops v1.0.0 (/Users/lvbaiqing/TRUE 开发/PRIMARY-CN/OpenTake-full-convergence/crates/opentake-ops)
   Compiling unicode-normalization v0.1.25
   Compiling axum-core v0.5.6
   Compiling sse-stream v0.2.3
   Compiling ffmpeg-sidecar v2.5.2
   Compiling tokio-stream v0.1.18
   Compiling rmcp-macros v2.2.0
   Compiling serde_path_to_error v0.1.20
   Compiling cpal v0.15.3
   Compiling matchit v0.8.4
   Compiling pastey v0.2.3
   Compiling unicode-bidi v0.3.18
   Compiling sys-locale v0.3.2
   Compiling self_cell v1.2.2
   Compiling rangemap v1.7.1
   Compiling unicode-linebreak v0.1.5
   Compiling cosmic-text v0.12.1
   Compiling axum v0.8.9
   Compiling opentake-media v1.0.0 (/Users/lvbaiqing/TRUE 开发/PRIMARY-CN/OpenTake-full-convergence/crates/opentake-media)
   Compiling opentake-core v1.0.0 (/Users/lvbaiqing/TRUE 开发/PRIMARY-CN/OpenTake-full-convergence/crates/opentake-core)
   Compiling coreaudio-rs v0.11.3
   Compiling opentake-gen v1.0.0 (/Users/lvbaiqing/TRUE 开发/PRIMARY-CN/OpenTake-full-convergence/crates/opentake-gen)
   Compiling opentake-tauri v1.0.0 (/Users/lvbaiqing/TRUE 开发/PRIMARY-CN/OpenTake-full-convergence/src-tauri)
   Compiling mach2 v0.4.3
   Compiling dasp_sample v0.11.0
   Compiling pollster v0.4.0
   Compiling opentake-render v1.0.0 (/Users/lvbaiqing/TRUE 开发/PRIMARY-CN/OpenTake-full-convergence/crates/opentake-render)
   Compiling opentake-agent v1.0.0 (/Users/lvbaiqing/TRUE 开发/PRIMARY-CN/OpenTake-full-convergence/crates/opentake-agent)
    Finished `release` profile [optimized] target(s) in 28m 33s
warning: the following packages contain code that will be rejected by a future version of Rust: block v0.1.6
note: to see what the problems were, use the option `--future-incompat-report`, or run `cargo report future-incompatibilities --id 1`
       Built application at: /Users/lvbaiqing/TRUE 开发/PRIMARY-CN/OpenTake-full-convergence/target/release/opentake
    Bundling OpenTake.app (/Users/lvbaiqing/TRUE 开发/PRIMARY-CN/OpenTake-full-convergence/target/release/bundle/macos/OpenTake.app)
        Warn Skipping signing due to --no-sign flag.
    Finished 1 bundle at:
        /Users/lvbaiqing/TRUE 开发/PRIMARY-CN/OpenTake-full-convergence/target/release/bundle/macos/OpenTake.app
