        Warn --no-sign flag detected: Signing will be skipped.
        Info Looking up installed tauri packages to check mismatched versions...
     Running beforeBuildCommand `pnpm -C web build`

> opentake-web@1.0.0 build /Users/lvbaiqing/TRUE 开发/PRIMARY-CN/OpenTake-full-convergence/web
> tsc -b && vite build

vite v8.1.3 building client environment for production...
[2Ktransforming...✓ 1674 modules transformed.
rendering chunks...
computing gzip size...
dist/index.html                    0.39 kB │ gzip:   0.26 kB
dist/assets/index-CcZgQROn.css     4.63 kB │ gzip:   1.78 kB
dist/assets/dist-js-DWk47Ou-.js    1.24 kB │ gzip:   0.48 kB
dist/assets/event-CvdZu7sT.js      1.34 kB │ gzip:   0.63 kB
dist/assets/dpi-CCQwpMP-.js        2.06 kB │ gzip:   0.48 kB
dist/assets/window-B7ZI9vi8.js    11.16 kB │ gzip:   2.81 kB
dist/assets/index-DPTHUHsn.js    549.75 kB │ gzip: 155.04 kB

[33m[INEFFECTIVE_DYNAMIC_IMPORT] [0msrc/lib/api.ts is dynamically imported by src/store/recentStore.ts but also statically imported by src/App.tsx, src/components/agent/AgentPanel.tsx, src/components/media/CaptionsTab.tsx, src/components/media/MediaPanel.tsx, src/components/media/MediaSearch.tsx, ..., dynamic import will not move module into another chunk.

[plugin builtin:vite-reporter]
(!) Some chunks are larger than 500 kB after minification. Consider:
- Using dynamic import() to code-split the application
- Use build.rolldownOptions.output.codeSplitting to improve chunking: https://rolldown.rs/reference/OutputOptions.codeSplitting
- Adjust chunk size limit for this warning via build.chunkSizeWarningLimit.
[33m[INEFFECTIVE_DYNAMIC_IMPORT] [0mnode_modules/.pnpm/@tauri-apps+api@2.11.1/node_modules/@tauri-apps/api/core.js is dynamically imported by src/lib/api.ts, src/lib/haptic.ts, src/lib/libraryApi.ts, src/store/recentStore.ts but also statically imported by node_modules/.pnpm/@tauri-apps+api@2.11.1/node_modules/@tauri-apps/api/dpi.js, node_modules/.pnpm/@tauri-apps+api@2.11.1/node_modules/@tauri-apps/api/event.js, node_modules/.pnpm/@tauri-apps+api@2.11.1/node_modules/@tauri-apps/api/image.js, node_modules/.pnpm/@tauri-apps+api@2.11.1/node_modules/@tauri-apps/api/window.js, node_modules/.pnpm/@tauri-apps+plugin-dialog@2.7.1/node_modules/@tauri-apps/plugin-dialog/dist-js/index.js, ..., dynamic import will not move module into another chunk.

✓ built in 3.29s
   Compiling opentake-project v1.0.0 (/Users/lvbaiqing/TRUE 开发/PRIMARY-CN/OpenTake-full-convergence/crates/opentake-project)
   Compiling opentake-media v1.0.0 (/Users/lvbaiqing/TRUE 开发/PRIMARY-CN/OpenTake-full-convergence/crates/opentake-media)
   Compiling opentake-core v1.0.0 (/Users/lvbaiqing/TRUE 开发/PRIMARY-CN/OpenTake-full-convergence/crates/opentake-core)
error: could not write output to /Users/lvbaiqing/TRUE 开发/PRIMARY-CN/OpenTake-full-convergence/target/release/deps/opentake_core-18d41ea2e68a9ccb.opentake_core.5675caa1a8642c7f-cgu.2.rcgu.o: No space left on device

error: could not compile `opentake-core` (lib) due to 1 previous error
warning: build failed, waiting for other jobs to finish...
error: failed to write to `/Users/lvbaiqing/TRUE 开发/PRIMARY-CN/OpenTake-full-convergence/target/release/deps/rmetaGBHvfZ/full.rmeta`: No space left on device (os error 28)

error: could not compile `opentake-media` (lib) due to 1 previous error
failed to build app: failed to build app
       Error failed to build app: failed to build app
